exports[`test App renders as expected 1`] = `
<div
  style={
    Object {
      "alignItems": "center",
      "background": "#445660",
      "color": "#899BA6",
      "display": "flex",
      "flexDirection": "column",
      "fontFamily": "\"Quicksand\", sans-serif",
      "fontSize": 18,
      "fontWeight": 300,
      "height": "100vh",
      "lineHeight": 1.5,
      "minHeight": "100vh",
      "overflowY": "hidden"
    }
  }>
  <div
    style={
      Object {
        "maxWidth": 740
      }
    }>
    <div
      style={
        Object {
          "marginTop": "30vh",
          "transition": "margin 1s ease",
          "willChange": "margin"
        }
      }>
      <div
        style={
          Object {
            "paddingLeft": 24,
            "paddingRight": 24
          }
        }>
        <header>
          <div>
            <div
              style={
                Object {
                  "color": "#7FC1CA",
                  "fontSize": 103,
                  "lineHeight": 1.25,
                  "textAlign": "center"
                }
              }>
              <div
                className="Typist ">
                <span
                  className="Cursor Cursor--blinking">
                  |
                </span>
              </div>
            </div>
            <div
              style={
                Object {
                  "color": "#C5D4DD",
                  "fontSize": 22,
                  "marginBottom": 16,
                  "textAlign": "center"
                }
              } />
          </div>
        </header>
      </div>
    </div>
    <div
      style={
        Object {
          "opacity": 0,
          "transition": "opacity 1.5s ease",
          "willChange": "opacity"
        }
      }>
      <main
        style={
          Object {
            "alignItems": "center",
            "display": "flex",
            "flex": 1,
            "flexDirection": "column"
          }
        } />
    </div>
  </div>
</div>
`;
